Component: ARM Compiler 5.06 update 5 (build 528) Tool: armlink [4d35e2]

==============================================================================

Section Cross References

    main.o(.text) refers to ff.o(.text) for f_opendir
    main.o(.text) refers to malloc.o(.text) for mymalloc
    main.o(.text) refers to exfuns.o(.text) for f_typetell
    main.o(.text) refers to delay.o(.text) for delay_init
    main.o(.text) refers to misc.o(.text) for NVIC_PriorityGroupConfig
    main.o(.text) refers to usart.o(.text) for uart_init
    main.o(.text) refers to led.o(.text) for LED_Init
    main.o(.text) refers to key.o(.text) for KEY_Init
    main.o(.text) refers to lcd.o(.text) for LCD_Init
    main.o(.text) refers to w25qxx.o(.text) for W25QXX_Init
    main.o(.text) refers to usart3.o(.text) for usart3_init
    main.o(.text) refers to timer.o(.text) for TIM3_Int_Init
    main.o(.text) refers to wifista.o(.text) for atk_8266_wifista_config
    main.o(.text) refers to __2printf.o(.text) for __2printf
    main.o(.text) refers to upgrade.o(.text) for connect_server
    main.o(.text) refers to fontupd.o(.text) for font_init
    main.o(.text) refers to text.o(.text) for Show_Str
    main.o(.text) refers to piclib.o(.text) for piclib_init
    main.o(.text) refers to strcpy.o(.text) for strcpy
    main.o(.text) refers to strcat.o(.text) for strcat
    main.o(.text) refers to stm32f10x_tim.o(.text) for TIM_Cmd
    main.o(.text) refers to usmart_config.o(.data) for usmart_dev
    main.o(.text) refers to exfuns.o(.data) for fs
    main.o(.text) refers to lcd.o(.data) for POINT_COLOR
    main.o(.text) refers to lcd.o(.bss) for lcddev
    main.o(.text) refers to timer.o(.data) for up_flag
    system_stm32f10x.o(.text) refers to system_stm32f10x.o(.data) for SystemCoreClock
    upgrade.o(.text) refers to _printf_percent.o(.ARM.Collect$$_printf_percent$$00000000) for _printf_percent
    upgrade.o(.text) refers to _printf_s.o(.ARM.Collect$$_printf_percent$$00000014) for _printf_s
    upgrade.o(.text) refers to _printf_str.o(.text) for _printf_str
    upgrade.o(.text) refers to _printf_d.o(.ARM.Collect$$_printf_percent$$00000009) for _printf_d
    upgrade.o(.text) refers to _printf_dec.o(.text) for _printf_int_dec
    upgrade.o(.text) refers to _scanf_int.o(.text) for _scanf_int
    upgrade.o(.text) refers to _printf_x.o(.ARM.Collect$$_printf_percent$$0000000C) for _printf_x
    upgrade.o(.text) refers to _printf_hex_int_ll_ptr.o(.text) for _printf_longlong_hex
    upgrade.o(.text) refers to malloc.o(.text) for mymalloc
    upgrade.o(.text) refers to __2sprintf.o(.text) for __2sprintf
    upgrade.o(.text) refers to wifista.o(.text) for atk_8266_send_cmd
    upgrade.o(.text) refers to __2printf.o(.text) for __2printf
    upgrade.o(.text) refers to delay.o(.text) for delay_ms
    upgrade.o(.text) refers to usart3.o(.text) for Usart_SendString
    upgrade.o(.text) refers to crc32.o(.text) for crc32_send
    upgrade.o(.text) refers to __0sscanf.o(.text) for __0sscanf
    upgrade.o(.text) refers to w25qxx.o(.text) for W25QXX_Write
    upgrade.o(.text) refers to usart3.o(.data) for USART3_RX_STA
    upgrade.o(.text) refers to upgrade.o(.constdata) for .constdata
    upgrade.o(.text) refers to usart3.o(.bss) for USART3_RX_BUF1
    upgrade.o(.text) refers to upgrade.o(.data) for Crc_file
    upgrade.o(.text) refers to f_crc32.o(i.CRC32Software) for CRC32Software
    upgrade.o(.text) refers to f_crc32.o(i.CRC32Software_) for CRC32Software_
    upgrade.o(.text) refers to rt_memclr_w.o(.text) for __aeabi_memclr4
    wifista.o(.text) refers to _printf_percent.o(.ARM.Collect$$_printf_percent$$00000000) for _printf_percent
    wifista.o(.text) refers to _printf_s.o(.ARM.Collect$$_printf_percent$$00000014) for _printf_s
    wifista.o(.text) refers to _printf_str.o(.text) for _printf_str
    wifista.o(.text) refers to __2printf.o(.text) for __2printf
    wifista.o(.text) refers to strstr.o(.text) for strstr
    wifista.o(.text) refers to usart3.o(.text) for u3_printf
    wifista.o(.text) refers to delay.o(.text) for delay_ms
    wifista.o(.text) refers to __2sprintf.o(.text) for __2sprintf
    wifista.o(.text) refers to malloc.o(.text) for mymalloc
    wifista.o(.text) refers to lcd.o(.text) for LCD_Fill
    wifista.o(.text) refers to usart3.o(.data) for USART3_RX_STA
    wifista.o(.text) refers to usart3.o(.bss) for USART3_RX_BUF
    wifista.o(.text) refers to lcd.o(.data) for POINT_COLOR
    wifista.o(.text) refers to wifista.o(.data) for wifista_password
    wifista.o(.data) refers to wifista.o(.conststring) for .conststring
    led.o(.text) refers to stm32f10x_rcc.o(.text) for RCC_APB2PeriphClockCmd
    led.o(.text) refers to stm32f10x_gpio.o(.text) for GPIO_Init
    key.o(.text) refers to stm32f10x_rcc.o(.text) for RCC_APB2PeriphClockCmd
    key.o(.text) refers to stm32f10x_gpio.o(.text) for GPIO_Init
    key.o(.text) refers to delay.o(.text) for delay_ms
[...]
    SPI_TransmitCRC                          0x0800e81f   Thumb Code    10  stm32f10x_spi.o(.text)
    SPI_CalculateCRC                         0x0800e829   Thumb Code    24  stm32f10x_spi.o(.text)
    SPI_GetCRC                               0x0800e841   Thumb Code    16  stm32f10x_spi.o(.text)
    SPI_GetCRCPolynomial                     0x0800e851   Thumb Code     6  stm32f10x_spi.o(.text)
    SPI_BiDirectionalLineConfig              0x0800e857   Thumb Code    28  stm32f10x_spi.o(.text)
    SPI_I2S_GetFlagStatus                    0x0800e873   Thumb Code    18  stm32f10x_spi.o(.text)
    SPI_I2S_ClearFlag                        0x0800e885   Thumb Code     6  stm32f10x_spi.o(.text)
    SPI_I2S_GetITStatus                      0x0800e88b   Thumb Code    52  stm32f10x_spi.o(.text)
    SPI_I2S_ClearITPendingBit                0x0800e8bf   Thumb Code    20  stm32f10x_spi.o(.text)
    USART_DeInit                             0x0800e8e1   Thumb Code   134  stm32f10x_usart.o(.text)
    USART_Init                               0x0800e967   Thumb Code   210  stm32f10x_usart.o(.text)
    USART_StructInit                         0x0800ea39   Thumb Code    24  stm32f10x_usart.o(.text)
    USART_ClockInit                          0x0800ea51   Thumb Code    34  stm32f10x_usart.o(.text)
    USART_ClockStructInit                    0x0800ea73   Thumb Code    12  stm32f10x_usart.o(.text)
    USART_Cmd                                0x0800ea7f   Thumb Code    24  stm32f10x_usart.o(.text)
    USART_ITConfig                           0x0800ea97   Thumb Code    74  stm32f10x_usart.o(.text)
    USART_DMACmd                             0x0800eae1   Thumb Code    18  stm32f10x_usart.o(.text)
    USART_SetAddress                         0x0800eaf3   Thumb Code    18  stm32f10x_usart.o(.text)
    USART_WakeUpConfig                       0x0800eb05   Thumb Code    18  stm32f10x_usart.o(.text)
    USART_ReceiverWakeUpCmd                  0x0800eb17   Thumb Code    24  stm32f10x_usart.o(.text)
    USART_LINBreakDetectLengthConfig         0x0800eb2f   Thumb Code    18  stm32f10x_usart.o(.text)
    USART_LINCmd                             0x0800eb41   Thumb Code    24  stm32f10x_usart.o(.text)
    USART_SendData                           0x0800eb59   Thumb Code     8  stm32f10x_usart.o(.text)
    USART_ReceiveData                        0x0800eb61   Thumb Code    10  stm32f10x_usart.o(.text)
    USART_SendBreak                          0x0800eb6b   Thumb Code    10  stm32f10x_usart.o(.text)
    USART_SetGuardTime                       0x0800eb75   Thumb Code    16  stm32f10x_usart.o(.text)
    USART_SetPrescaler                       0x0800eb85   Thumb Code    16  stm32f10x_usart.o(.text)
    USART_SmartCardCmd                       0x0800eb95   Thumb Code    24  stm32f10x_usart.o(.text)
    USART_SmartCardNACKCmd                   0x0800ebad   Thumb Code    24  stm32f10x_usart.o(.text)
    USART_HalfDuplexCmd                      0x0800ebc5   Thumb Code    24  stm32f10x_usart.o(.text)
    USART_OverSampling8Cmd                   0x0800ebdd   Thumb Code    22  stm32f10x_usart.o(.text)
    USART_OneBitMethodCmd                    0x0800ebf3   Thumb Code    24  stm32f10x_usart.o(.text)
    USART_IrDAConfig                         0x0800ec0b   Thumb Code    18  stm32f10x_usart.o(.text)
    USART_IrDACmd                            0x0800ec1d   Thumb Code    24  stm32f10x_usart.o(.text)
    USART_GetFlagStatus                      0x0800ec35   Thumb Code    26  stm32f10x_usart.o(.text)
    USART_ClearFlag                          0x0800ec4f   Thumb Code    18  stm32f10x_usart.o(.text)
    USART_GetITStatus                        0x0800ec61   Thumb Code    84  stm32f10x_usart.o(.text)
    USART_ClearITPendingBit                  0x0800ecb5   Thumb Code    52  stm32f10x_usart.o(.text)
    TIM_DeInit                               0x0800ece9   Thumb Code   424  stm32f10x_tim.o(.text)
    TIM_TimeBaseInit                         0x0800ee91   Thumb Code   122  stm32f10x_tim.o(.text)
    TIM_OC1Init                              0x0800ef0b   Thumb Code   132  stm32f10x_tim.o(.text)
    TIM_OC2Init                              0x0800ef8f   Thumb Code   154  stm32f10x_tim.o(.text)
    TIM_OC3Init                              0x0800f029   Thumb Code   150  stm32f10x_tim.o(.text)
    TIM_OC4Init                              0x0800f0bf   Thumb Code   182  stm32f10x_tim.o(.text)
    TIM_SetIC4Prescaler                      0x0800f175   Thumb Code    26  stm32f10x_tim.o(.text)
    TIM_SetIC3Prescaler                      0x0800f211   Thumb Code    18  stm32f10x_tim.o(.text)
    TIM_SetIC2Prescaler                      0x0800f29d   Thumb Code    26  stm32f10x_tim.o(.text)
    TIM_SetIC1Prescaler                      0x0800f339   Thumb Code    18  stm32f10x_tim.o(.text)
    TIM_ICInit                               0x0800f3b7   Thumb Code   150  stm32f10x_tim.o(.text)
    TIM_PWMIConfig                           0x0800f44d   Thumb Code   124  stm32f10x_tim.o(.text)
    TIM_BDTRConfig                           0x0800f4c9   Thumb Code    32  stm32f10x_tim.o(.text)
    TIM_TimeBaseStructInit                   0x0800f4e9   Thumb Code    18  stm32f10x_tim.o(.text)
    TIM_OCStructInit                         0x0800f4fb   Thumb Code    20  stm32f10x_tim.o(.text)
    TIM_ICStructInit                         0x0800f50f   Thumb Code    18  stm32f10x_tim.o(.text)
    TIM_BDTRStructInit                       0x0800f521   Thumb Code    40  stm32f10x_tim.o(.text)
    TIM_Cmd                                  0x0800f549   Thumb Code    24  stm32f10x_tim.o(.text)
    TIM_CtrlPWMOutputs                       0x0800f561   Thumb Code    30  stm32f10x_tim.o(.text)
    TIM_ITConfig                             0x0800f57f   Thumb Code    18  stm32f10x_tim.o(.text)
    TIM_GenerateEvent                        0x0800f591   Thumb Code     4  stm32f10x_tim.o(.text)
    TIM_DMAConfig                            0x0800f595   Thumb Code    10  stm32f10x_tim.o(.text)
    TIM_DMACmd                               0x0800f59f   Thumb Code    18  stm32f10x_tim.o(.text)
    TIM_InternalClockConfig                  0x0800f5b1   Thumb Code    12  stm32f10x_tim.o(.text)
    TIM_SelectInputTrigger                   0x0800f5bd   Thumb Code    18  stm32f10x_tim.o(.text)
    TIM_ITRxExternalClockConfig              0x0800f5cf   Thumb Code    24  stm32f10x_tim.o(.text)
    TIM_TIxExternalClockConfig               0x0800f5e7   Thumb Code    62  stm32f10x_tim.o(.text)
    TIM_ETRConfig                            0x0800f625   Thumb Code    28  stm32f10x_tim.o(.text)
    TIM_ETRClockMode1Config                  0x0800f641   Thumb Code    54  stm32f10x_tim.o(.text)
    TIM_ETRClockMode2Config                  0x0800f677   Thumb Code    32  stm32f10x_tim.o(.text)
    TIM_PrescalerConfig                      0x0800f697   Thumb Code     6  stm32f10x_tim.o(.text)
    TIM_CounterModeConfig                    0x0800f69d   Thumb Code    18  stm32f10x_tim.o(.text)
    TIM_EncoderInterfaceConfig               0x0800f6af   Thumb Code    66  stm32f10x_tim.o(.text)
    TIM_ForcedOC1Config                      0x0800f6f1   Thumb Code    18  stm32f10x_tim.o(.text)
    TIM_ForcedOC2Config                      0x0800f703   Thumb Code    26  stm32f10x_tim.o(.text)
    TIM_ForcedOC3Config                      0x0800f71d   Thumb Code    18  stm32f10x_tim.o(.text)
    TIM_ForcedOC4Config                      0x0800f72f   Thumb Code    26  stm32f10x_tim.o(.text)
    TIM_ARRPreloadConfig                     0x0800f749   Thumb Code    24  stm32f10x_tim.o(.text)
    TIM_SelectCOM                            0x0800f761   Thumb Code    24  stm32f10x_tim.o(.text)
    TIM_SelectCCDMA                          0x0800f779   Thumb Code    24  stm32f10x_tim.o(.text)
    TIM_CCPreloadControl                     0x0800f791   Thumb Code    24  stm32f10x_tim.o(.text)
    TIM_OC1PreloadConfig                     0x0800f7a9   Thumb Code    18  stm32f10x_tim.o(.text)
    TIM_OC2PreloadConfig                     0x0800f7bb   Thumb Code    26  stm32f10x_tim.o(.text)
    TIM_OC3PreloadConfig                     0x0800f7d5   Thumb Code    18  stm32f10x_tim.o(.text)
    TIM_OC4PreloadConfig                     0x0800f7e7   Thumb Code    26  stm32f10x_tim.o(.text)
    TIM_OC1FastConfig                        0x0800f801   Thumb Code    18  stm32f10x_tim.o(.text)
    TIM_OC2FastConfig                        0x0800f813   Thumb Code    26  stm32f10x_tim.o(.text)
    TIM_OC3FastConfig                        0x0800f82d   Thumb Code    18  stm32f10x_tim.o(.text)
    TIM_OC4FastConfig                        0x0800f83f   Thumb Code    26  stm32f10x_tim.o(.text)
    TIM_ClearOC1Ref                          0x0800f859   Thumb Code    18  stm32f10x_tim.o(.text)
    TIM_ClearOC2Ref                          0x0800f86b   Thumb Code    24  stm32f10x_tim.o(.text)
    TIM_ClearOC3Ref                          0x0800f883   Thumb Code    18  stm32f10x_tim.o(.text)
    TIM_ClearOC4Ref                          0x0800f895   Thumb Code    24  stm32f10x_tim.o(.text)
    TIM_OC1PolarityConfig                    0x0800f8ad   Thumb Code    18  stm32f10x_tim.o(.text)
    TIM_OC1NPolarityConfig                   0x0800f8bf   Thumb Code    18  stm32f10x_tim.o(.text)
    TIM_OC2PolarityConfig                    0x0800f8d1   Thumb Code    26  stm32f10x_tim.o(.text)
    TIM_OC2NPolarityConfig                   0x0800f8eb   Thumb Code    26  stm32f10x_tim.o(.text)
    TIM_OC3PolarityConfig                    0x0800f905   Thumb Code    26  stm32f10x_tim.o(.text)
    TIM_OC3NPolarityConfig                   0x0800f91f   Thumb Code    26  stm32f10x_tim.o(.text)
    TIM_OC4PolarityConfig                    0x0800f939   Thumb Code    26  stm32f10x_tim.o(.text)
    TIM_CCxCmd                               0x0800f953   Thumb Code    30  stm32f10x_tim.o(.text)
    TIM_CCxNCmd                              0x0800f971   Thumb Code    30  stm32f10x_tim.o(.text)
    TIM_SelectOCxM                           0x0800f98f   Thumb Code    82  stm32f10x_tim.o(.text)
    TIM_UpdateDisableConfig                  0x0800f9e1   Thumb Code    24  stm32f10x_tim.o(.text)
    TIM_UpdateRequestConfig                  0x0800f9f9   Thumb Code    24  stm32f10x_tim.o(.text)
    TIM_SelectHallSensor                     0x0800fa11   Thumb Code    24  stm32f10x_tim.o(.text)
    TIM_SelectOnePulseMode                   0x0800fa29   Thumb Code    18  stm32f10x_tim.o(.text)
    TIM_SelectOutputTrigger                  0x0800fa3b   Thumb Code    18  stm32f10x_tim.o(.text)
    TIM_SelectSlaveMode                      0x0800fa4d   Thumb Code    18  stm32f10x_tim.o(.text)
    TIM_SelectMasterSlaveMode                0x0800fa5f   Thumb Code    18  stm32f10x_tim.o(.text)
    TIM_SetCounter                           0x0800fa71   Thumb Code     4  stm32f10x_tim.o(.text)
    TIM_SetAutoreload                        0x0800fa75   Thumb Code     4  stm32f10x_tim.o(.text)
    TIM_SetCompare1                          0x0800fa79   Thumb Code     4  stm32f10x_tim.o(.text)
    TIM_SetCompare2                          0x0800fa7d   Thumb Code     4  stm32f10x_tim.o(.text)
    TIM_SetCompare3                          0x0800fa81   Thumb Code     4  stm32f10x_tim.o(.text)
    TIM_SetCompare4                          0x0800fa85   Thumb Code     6  stm32f10x_tim.o(.text)
    TIM_SetClockDivision                     0x0800fa8b   Thumb Code    18  stm32f10x_tim.o(.text)
    TIM_GetCapture1                          0x0800fa9d   Thumb Code     6  stm32f10x_tim.o(.text)
    TIM_GetCapture2                          0x0800faa3   Thumb Code     6  stm32f10x_tim.o(.text)
    TIM_GetCapture3                          0x0800faa9   Thumb Code     6  stm32f10x_tim.o(.text)
    TIM_GetCapture4                          0x0800faaf   Thumb Code     8  stm32f10x_tim.o(.text)
    TIM_GetCounter                           0x0800fab7   Thumb Code     6  stm32f10x_tim.o(.text)
    TIM_GetPrescaler                         0x0800fabd   Thumb Code     6  stm32f10x_tim.o(.text)
    TIM_GetFlagStatus                        0x0800fac3   Thumb Code    18  stm32f10x_tim.o(.text)
    TIM_ClearFlag                            0x0800fad5   Thumb Code     6  stm32f10x_tim.o(.text)
    TIM_GetITStatus                          0x0800fadb   Thumb Code    34  stm32f10x_tim.o(.text)
    TIM_ClearITPendingBit                    0x0800fafd   Thumb Code     6  stm32f10x_tim.o(.text)
    DMA_DeInit                               0x0800fb05   Thumb Code   324  stm32f10x_dma.o(.text)
    DMA_Init                                 0x0800fc49   Thumb Code    60  stm32f10x_dma.o(.text)
    DMA_StructInit                           0x0800fc85   Thumb Code    26  stm32f10x_dma.o(.text)
    DMA_Cmd                                  0x0800fc9f   Thumb Code    24  stm32f10x_dma.o(.text)
    DMA_ITConfig                             0x0800fcb7   Thumb Code    18  stm32f10x_dma.o(.text)
    DMA_SetCurrDataCounter                   0x0800fcc9   Thumb Code     4  stm32f10x_dma.o(.text)
    DMA_GetCurrDataCounter                   0x0800fccd   Thumb Code     8  stm32f10x_dma.o(.text)
    DMA_GetFlagStatus                        0x0800fcd5   Thumb Code    40  stm32f10x_dma.o(.text)
    DMA_ClearFlag                            0x0800fcfd   Thumb Code    22  stm32f10x_dma.o(.text)
    DMA_GetITStatus                          0x0800fd13   Thumb Code    40  stm32f10x_dma.o(.text)
    DMA_ClearITPendingBit                    0x0800fd3b   Thumb Code    22  stm32f10x_dma.o(.text)
    SDIO_DeInit                              0x0800fd59   Thumb Code    28  stm32f10x_sdio.o(.text)
    SDIO_Init                                0x0800fd75   Thumb Code    42  stm32f10x_sdio.o(.text)
    SDIO_StructInit                          0x0800fd9f   Thumb Code    16  stm32f10x_sdio.o(.text)
    SDIO_ClockCmd                            0x0800fdaf   Thumb Code     6  stm32f10x_sdio.o(.text)
    SDIO_SetPowerState                       0x0800fdb5   Thumb Code    22  stm32f10x_sdio.o(.text)
    SDIO_GetPowerState                       0x0800fdcb   Thumb Code    10  stm32f10x_sdio.o(.text)
    SDIO_ITConfig                            0x0800fdd5   Thumb Code    26  stm32f10x_sdio.o(.text)
    SDIO_DMACmd                              0x0800fdef   Thumb Code     6  stm32f10x_sdio.o(.text)
    SDIO_SendCommand                         0x0800fdf5   Thumb Code    38  stm32f10x_sdio.o(.text)
    SDIO_CmdStructInit                       0x0800fe1b   Thumb Code    14  stm32f10x_sdio.o(.text)
    SDIO_GetCommandResponse                  0x0800fe29   Thumb Code     8  stm32f10x_sdio.o(.text)
    SDIO_GetResponse                         0x0800fe31   Thumb Code    22  stm32f10x_sdio.o(.text)
    SDIO_DataConfig                          0x0800fe47   Thumb Code    42  stm32f10x_sdio.o(.text)
    SDIO_DataStructInit                      0x0800fe71   Thumb Code    20  stm32f10x_sdio.o(.text)
    SDIO_GetDataCounter                      0x0800fe85   Thumb Code     6  stm32f10x_sdio.o(.text)
    SDIO_ReadData                            0x0800fe8b   Thumb Code     8  stm32f10x_sdio.o(.text)
    SDIO_WriteData                           0x0800fe93   Thumb Code     8  stm32f10x_sdio.o(.text)
    SDIO_GetFIFOCount                        0x0800fe9b   Thumb Code     6  stm32f10x_sdio.o(.text)
    SDIO_StartSDIOReadWait                   0x0800fea1   Thumb Code     8  stm32f10x_sdio.o(.text)
    SDIO_StopSDIOReadWait                    0x0800fea9   Thumb Code     8  stm32f10x_sdio.o(.text)
    SDIO_SetSDIOReadWaitMode                 0x0800feb1   Thumb Code     8  stm32f10x_sdio.o(.text)
    SDIO_SetSDIOOperation                    0x0800feb9   Thumb Code     8  stm32f10x_sdio.o(.text)
    SDIO_SendSDIOSuspendCmd                  0x0800fec1   Thumb Code     6  stm32f10x_sdio.o(.text)
    SDIO_CommandCompletionCmd                0x0800fec7   Thumb Code     8  stm32f10x_sdio.o(.text)
    SDIO_CEATAITCmd                          0x0800fecf   Thumb Code    12  stm32f10x_sdio.o(.text)
    SDIO_SendCEATACmd                        0x0800fedb   Thumb Code     8  stm32f10x_sdio.o(.text)
    SDIO_GetFlagStatus                       0x0800fee3   Thumb Code    20  stm32f10x_sdio.o(.text)
    SDIO_ClearFlag                           0x0800fef7   Thumb Code     6  stm32f10x_sdio.o(.text)
    SDIO_GetITStatus                         0x0800fefd   Thumb Code    20  stm32f10x_sdio.o(.text)
    SDIO_ClearITPendingBit                   0x0800ff11   Thumb Code     6  stm32f10x_sdio.o(.text)
    mymemcpy                                 0x0800ff2d   Thumb Code    26  malloc.o(.text)
    mymemset                                 0x0800ff47   Thumb Code    20  malloc.o(.text)
    my_mem_init                              0x0800ff5b   Thumb Code    54  malloc.o(.text)
    my_mem_perused                           0x0800ff91   Thumb Code    54  malloc.o(.text)
    my_mem_malloc                            0x0800ffc7   Thumb Code   154  malloc.o(.text)
    my_mem_free                              0x08010061   Thumb Code    94  malloc.o(.text)
    myfree                                   0x080100bf   Thumb Code    32  malloc.o(.text)
    mymalloc                                 0x080100df   Thumb Code    36  malloc.o(.text)
    myrealloc                                0x08010103   Thumb Code    68  malloc.o(.text)
    disk_status                              0x08010159   Thumb Code     6  diskio.o(.text)
    disk_initialize                          0x0801015f   Thumb Code    52  diskio.o(.text)
    disk_read                                0x08010193   Thumb Code   122  diskio.o(.text)
    disk_write                               0x0801020d   Thumb Code   122  diskio.o(.text)
    disk_ioctl                               0x08010287   Thumb Code   170  diskio.o(.text)
    get_fattime                              0x08010331   Thumb Code     4  diskio.o(.text)
    ff_memalloc                              0x08010335   Thumb Code    14  diskio.o(.text)
    ff_memfree                               0x08010343   Thumb Code    14  diskio.o(.text)
    clust2sect                               0x0801050f   Thumb Code    26  ff.o(.text)
    get_fat                                  0x08010529   Thumb Code   242  ff.o(.text)
    put_fat                                  0x0801061b   Thumb Code   322  ff.o(.text)
    dir_sdi                                  0x080108d1   Thumb Code   158  ff.o(.text)
    f_mount                                  0x0801195b   Thumb Code    86  ff.o(.text)
    f_open                                   0x080119b1   Thumb Code   384  ff.o(.text)
    f_read                                   0x08011b31   Thumb Code   450  ff.o(.text)
    f_write                                  0x08011cf3   Thumb Code   490  ff.o(.text)
    f_sync                                   0x08011edd   Thumb Code   176  ff.o(.text)
    f_close                                  0x08011f8d   Thumb Code    32  ff.o(.text)
    f_lseek                                  0x08011fad   Thumb Code   684  ff.o(.text)
    f_opendir                                0x08012259   Thumb Code   136  ff.o(.text)
    f_closedir                               0x080122e1   Thumb Code    22  ff.o(.text)
    f_readdir                                0x080122f7   Thumb Code   114  ff.o(.text)
    f_stat                                   0x08012369   Thumb Code    84  ff.o(.text)
    f_getfree                                0x080123bd   Thumb Code   258  ff.o(.text)
    f_truncate                               0x080124bf   Thumb Code   184  ff.o(.text)
    f_unlink                                 0x08012577   Thumb Code   190  ff.o(.text)
    f_mkdir                                  0x08012635   Thumb Code   380  ff.o(.text)
    f_chmod                                  0x080127b1   Thumb Code   112  ff.o(.text)
    f_rename                                 0x08012821   Thumb Code   290  ff.o(.text)
    f_utime                                  0x08012943   Thumb Code   110  ff.o(.text)
    f_getlabel                               0x080129b1   Thumb Code   190  ff.o(.text)
    f_setlabel                               0x08012a6f   Thumb Code   482  ff.o(.text)
    f_mkfs                                   0x08012c51   Thumb Code  1578  ff.o(.text)
    f_gets                                   0x0801327b   Thumb Code    82  ff.o(.text)
    f_putc                                   0x08013311   Thumb Code    64  ff.o(.text)
    f_puts                                   0x08013351   Thumb Code    74  ff.o(.text)
    f_printf                                 0x0801339b   Thumb Code   674  ff.o(.text)
    exfuns_init                              0x0801363d   Thumb Code   114  exfuns.o(.text)
    char_upper                               0x080136af   Thumb Code    26  exfuns.o(.text)
    f_typetell                               0x080136c9   Thumb Code   188  exfuns.o(.text)
    exf_getfree                              0x08013785   Thumb Code    74  exfuns.o(.text)
    mf_mount                                 0x080137e5   Thumb Code    20  fattester.o(.text)
    mf_open                                  0x080137f9   Thumb Code    24  fattester.o(.text)
    mf_close                                 0x08013811   Thumb Code    14  fattester.o(.text)
    mf_read                                  0x0801381f   Thumb Code   224  fattester.o(.text)
    mf_write                                 0x080138ff   Thumb Code    68  fattester.o(.text)
    mf_opendir                               0x08013943   Thumb Code    14  fattester.o(.text)
    mf_closedir                              0x08013951   Thumb Code    10  fattester.o(.text)
    mf_readdir                               0x0801395b   Thumb Code   204  fattester.o(.text)
    mf_scan_files                            0x08013a27   Thumb Code   120  fattester.o(.text)
    mf_showfree                              0x08013a9f   Thumb Code    88  fattester.o(.text)
    mf_lseek                                 0x08013af7   Thumb Code    16  fattester.o(.text)
    mf_tell                                  0x08013b07   Thumb Code     8  fattester.o(.text)
    mf_size                                  0x08013b0f   Thumb Code     8  fattester.o(.text)
    mf_mkdir                                 0x08013b17   Thumb Code    12  fattester.o(.text)
    mf_fmkfs                                 0x08013b23   Thumb Code    20  fattester.o(.text)
    mf_unlink                                0x08013b37   Thumb Code    12  fattester.o(.text)
    mf_rename                                0x08013b43   Thumb Code    16  fattester.o(.text)
    mf_getlabel                              0x08013b53   Thumb Code    58  fattester.o(.text)
    mf_setlabel                              0x08013b8d   Thumb Code    34  fattester.o(.text)
    mf_gets                                  0x08013baf   Thumb Code   698  fattester.o(.text)
    mf_putc                                  0x08013e69   Thumb Code    18  fattester.o(.text)
    mf_puts                                  0x08013e7b   Thumb Code    18  fattester.o(.text)
    ff_convert                               0x08013ead   Thumb Code   146  mycc936.o(.text)
    ff_wtoupper                              0x08013f3f   Thumb Code    46  mycc936.o(.text)
    usmart_sys_cmd_exe                       0x08013f79   Thumb Code  1554  usmart.o(.text)
    usmart_reset_runtime                     0x0801458b   Thumb Code    38  usmart.o(.text)
    usmart_get_runtime                       0x080145b1   Thumb Code    60  usmart.o(.text)
    TIM4_IRQHandler                          0x080145ed   Thumb Code    46  usmart.o(.text)
    Timer4_Init                              0x0801461b   Thumb Code    88  usmart.o(.text)
    usmart_init                              0x08014673   Thumb Code    36  usmart.o(.text)
    usmart_cmd_rec                           0x08014697   Thumb Code   170  usmart.o(.text)
    usmart_exe                               0x08014741   Thumb Code   870  usmart.o(.text)
    usmart_scan                              0x08014aa7   Thumb Code   120  usmart.o(.text)
    read_addr                                0x08014b1f   Thumb Code     6  usmart.o(.text)
    write_addr                               0x08014b25   Thumb Code     4  usmart.o(.text)
    usmart_strcmp                            0x08014bb1   Thumb Code    34  usmart_str.o(.text)
    usmart_strcopy                           0x08014bd3   Thumb Code    22  usmart_str.o(.text)
    usmart_strlen                            0x08014be9   Thumb Code    24  usmart_str.o(.text)
    usmart_pow                               0x08014c01   Thumb Code    22  usmart_str.o(.text)
    usmart_str2num                           0x08014c17   Thumb Code   202  usmart_str.o(.text)
    usmart_get_cmdname                       0x08014ce1   Thumb Code    54  usmart_str.o(.text)
    usmart_search_nextc                      0x08014d17   Thumb Code    22  usmart_str.o(.text)
    usmart_get_fname                         0x08014d2d   Thumb Code   440  usmart_str.o(.text)
    usmart_get_aparm                         0x08014ee5   Thumb Code   200  usmart_str.o(.text)
    usmart_get_parmpos                       0x08014fad   Thumb Code    26  usmart_str.o(.text)
    usmart_get_fparam                        0x08014fc7   Thumb Code   262  usmart_str.o(.text)
    fupd_prog                                0x080150d9   Thumb Code   134  fontupd.o(.text)
    updata_fontx                             0x0801515f   Thumb Code   346  fontupd.o(.text)
    update_font                              0x080152b9   Thumb Code   882  fontupd.o(.text)
    font_init                                0x0801562b   Thumb Code    64  fontupd.o(.text)
    Get_HzMat                                0x080156a9   Thumb Code   220  text.o(.text)
    Show_Font                                0x08015785   Thumb Code   190  text.o(.text)
    Show_Str                                 0x08015843   Thumb Code   192  text.o(.text)
    Show_Str_Mid                             0x08015903   Thumb Code   106  text.o(.text)
    stdbmp_decode                            0x0801597d   Thumb Code   620  bmp.o(.text)
    minibmp_decode                           0x08015be9   Thumb Code  1068  bmp.o(.text)
    bmp_encode                               0x08016015   Thumb Code   486  bmp.o(.text)
    gif_check_head                           0x08016209   Thumb Code    88  gif.o(.text)
    gif_getrgb565                            0x08016261   Thumb Code    28  gif.o(.text)
    gif_readcolortbl                         0x0801627d   Thumb Code    64  gif.o(.text)
    gif_getinfo                              0x080162bd   Thumb Code    70  gif.o(.text)
    gif_savegctbl                            0x08016303   Thumb Code    38  gif.o(.text)
    gif_recovergctbl                         0x08016329   Thumb Code    38  gif.o(.text)
    gif_initlzw                              0x0801634f   Thumb Code   152  gif.o(.text)
    gif_getdatablock                         0x080163e7   Thumb Code    96  gif.o(.text)
    gif_readextension                        0x08016447   Thumb Code   160  gif.o(.text)
    gif_getnextcode                          0x080164e7   Thumb Code   452  gif.o(.text)
    gif_getnextbyte                          0x080166ab   Thumb Code   856  gif.o(.text)
    gif_dispimage                            0x08016a03   Thumb Code   544  gif.o(.text)
    gif_clear2bkcolor                        0x08016c23   Thumb Code   496  gif.o(.text)
    gif_drawimage                            0x08016e13   Thumb Code   352  gif.o(.text)
    gif_quit                                 0x08016f73   Thumb Code     8  gif.o(.text)
    gif_decode                               0x08016f7b   Thumb Code   296  gif.o(.text)
    piclib_draw_hline                        0x080170a9   Thumb Code    52  piclib.o(.text)
    piclib_fill_color                        0x080170dd   Thumb Code    44  piclib.o(.text)
    piclib_init                              0x08017109   Thumb Code    62  piclib.o(.text)
    piclib_alpha_blend                       0x08017147   Thumb Code    42  piclib.o(.text)
    ai_draw_init                             0x08017171   Thumb Code   264  piclib.o(.text)
    is_element_ok                            0x08017279   Thumb Code    36  piclib.o(.text)
    ai_load_picfile                          0x0801729d   Thumb Code   194  piclib.o(.text)
    pic_memalloc                             0x0801735f   Thumb Code    14  piclib.o(.text)
    pic_memfree                              0x0801736d   Thumb Code    14  piclib.o(.text)
    jd_prepare                               0x08017f39   Thumb Code   924  tjpgd.o(.text)
    jd_decomp                                0x080182d5   Thumb Code   162  tjpgd.o(.text)
    jpeg_mallocall                           0x08018377   Thumb Code    70  tjpgd.o(.text)
    jpeg_freeall                             0x080183bd   Thumb Code    28  tjpgd.o(.text)
    jpeg_in_func                             0x080183d9   Thumb Code    48  tjpgd.o(.text)
    jpeg_out_func_fill                       0x08018409   Thumb Code    74  tjpgd.o(.text)
    jpeg_out_func_point                      0x08018453   Thumb Code   182  tjpgd.o(.text)
    jpg_decode                               0x08018509   Thumb Code   234  tjpgd.o(.text)
    __use_no_semihosting                     0x08018609   Thumb Code     2  use_no_semi_2.o(.text)
    __aeabi_ldivmod                          0x0801860b   Thumb Code     0  llsdiv.o(.text)
    _ll_sdiv                                 0x0801860b   Thumb Code    72  llsdiv.o(.text)
    __c89vsprintf                            0x08018655   Thumb Code    32  c89vsprintf.o(.text)
    __2printf                                0x08018679   Thumb Code    20  __2printf.o(.text)
    __2sprintf                               0x08018691   Thumb Code    38  __2sprintf.o(.text)
    _printf_pre_padding                      0x080186bd   Thumb Code    44  _printf_pad.o(.text)
    _printf_post_padding                     0x080186e9   Thumb Code    34  _printf_pad.o(.text)
    _printf_str                              0x0801870b   Thumb Code    82  _printf_str.o(.text)
    _printf_int_dec                          0x0801875d   Thumb Code   104  _printf_dec.o(.text)
    _printf_longlong_hex                     0x080187d5   Thumb Code    86  _printf_hex_int_ll_ptr.o(.text)
    _printf_int_hex                          0x0801882b   Thumb Code    28  _printf_hex_int_ll_ptr.o(.text)
    _printf_ll_hex                           0x08018847   Thumb Code    12  _printf_hex_int_ll_ptr.o(.text)
    _printf_hex_ptr                          0x08018853   Thumb Code    18  _printf_hex_int_ll_ptr.o(.text)
    __printf                                 0x08018869   Thumb Code   388  __printf_flags_ss_wp.o(.text)
    __0sscanf                                0x080189f1   Thumb Code    52  __0sscanf.o(.text)
    _scanf_int                               0x08018a2d   Thumb Code   332  _scanf_int.o(.text)
    strstr                                   0x08018b79   Thumb Code    36  strstr.o(.text)
    strcpy                                   0x08018b9d   Thumb Code    72  strcpy.o(.text)
    strlen                                   0x08018be5   Thumb Code    62  strlen.o(.text)
    strcat                                   0x08018c23   Thumb Code    24  strcat.o(.text)
    __aeabi_memcpy                           0x08018c3b   Thumb Code     0  rt_memcpy_v6.o(.text)
    __rt_memcpy                              0x08018c3b   Thumb Code   138  rt_memcpy_v6.o(.text)
    _memcpy_lastbytes                        0x08018ca1   Thumb Code     0  rt_memcpy_v6.o(.text)
    __aeabi_memclr4                          0x08018cc5   Thumb Code     0  rt_memclr_w.o(.text)
    __aeabi_memclr8                          0x08018cc5   Thumb Code     0  rt_memclr_w.o(.text)
    __rt_memclr_w                            0x08018cc5   Thumb Code    78  rt_memclr_w.o(.text)
    _memset_w                                0x08018cc9   Thumb Code     0  rt_memclr_w.o(.text)
    strcmp                                   0x08018d15   Thumb Code   128  strcmpv7m.o(.text)
    __use_two_region_memory                  0x08018d95   Thumb Code     2  heapauxi.o(.text)
    __rt_heap_escrow$2region                 0x08018d97   Thumb Code     2  heapauxi.o(.text)
    __rt_heap_expand$2region                 0x08018d99   Thumb Code     2  heapauxi.o(.text)
    __I$use$semihosting                      0x08018d9b   Thumb Code     0  use_no_semi.o(.text)
    __use_no_semihosting_swi                 0x08018d9b   Thumb Code     2  use_no_semi.o(.text)
    __aeabi_uldivmod                         0x08018d9d   Thumb Code     0  lludivv7m.o(.text)
    _ll_udiv                                 0x08018d9d   Thumb Code   238  lludivv7m.o(.text)
    _printf_truncate_signed                  0x08018e8b   Thumb Code    18  _printf_truncate.o(.text)
    _printf_truncate_unsigned                0x08018e9d   Thumb Code    18  _printf_truncate.o(.text)
    _printf_int_common                       0x08018eaf   Thumb Code   178  _printf_intcommon.o(.text)
    _printf_charcount                        0x08018f61   Thumb Code    40  _printf_charcount.o(.text)
    _printf_char_common                      0x08018f93   Thumb Code    32  _printf_char_common.o(.text)
    _sputc                                   0x08018fb9   Thumb Code    10  _sputc.o(.text)
    _printf_cs_common                        0x08018fc3   Thumb Code    20  _printf_char.o(.text)
    _printf_char                             0x08018fd7   Thumb Code    16  _printf_char.o(.text)
    _printf_string                           0x08018fe7   Thumb Code     8  _printf_char.o(.text)
    _printf_char_file                        0x08018ff1   Thumb Code    32  _printf_char_file.o(.text)
    _printf_wctomb                           0x08019015   Thumb Code   182  _printf_wctomb.o(.text)
    _printf_longlong_dec                     0x080190d1   Thumb Code   108  _printf_longlong_dec.o(.text)
    _printf_longlong_oct                     0x0801914d   Thumb Code    66  _printf_oct_int_ll.o(.text)
    _printf_int_oct                          0x0801918f   Thumb Code    24  _printf_oct_int_ll.o(.text)
    _printf_ll_oct                           0x080191a7   Thumb Code    12  _printf_oct_int_ll.o(.text)
    _chval                                   0x080191bd   Thumb Code    28  _chval.o(.text)
    __vfscanf_char                           0x080191e5   Thumb Code    24  scanf_char.o(.text)
    _sgetc                                   0x08019205   Thumb Code    30  _sgetc.o(.text)
    _sbackspace                              0x08019223   Thumb Code    34  _sgetc.o(.text)
    __aeabi_memcpy4                          0x08019245   Thumb Code     0  rt_memcpy_w.o(.text)
    __aeabi_memcpy8                          0x08019245   Thumb Code     0  rt_memcpy_w.o(.text)
    __rt_memcpy_w                            0x08019245   Thumb Code   100  rt_memcpy_w.o(.text)
    _memcpy_lastbytes_aligned                0x0801928d   Thumb Code     0  rt_memcpy_w.o(.text)
    _ll_udiv10                               0x080192a9   Thumb Code   138  lludiv10.o(.text)
    isspace                                  0x08019333   Thumb Code    18  isspace.o(.text)
    __lib_sel_fp_printf                      0x08019345   Thumb Code     2  _printf_fp_dec.o(.text)
    _printf_fp_dec_real                      0x080194f7   Thumb Code   620  _printf_fp_dec.o(.text)
    _printf_lcs_common                       0x08019763   Thumb Code    20  _printf_wchar.o(.text)
    _printf_wchar                            0x08019777   Thumb Code    16  _printf_wchar.o(.text)
    _printf_wstring                          0x08019787   Thumb Code     8  _printf_wchar.o(.text)
    __vfscanf                                0x08019791   Thumb Code   878  _scanf.o(.text)
    ferror                                   0x08019b05   Thumb Code     8  ferror.o(.text)
    _wcrtomb                                 0x08019b0d   Thumb Code    64  _wcrtomb.o(.text)
    __user_setup_stackheap                   0x08019b4d   Thumb Code    74  sys_stackheap_outer.o(.text)
    __rt_ctype_table                         0x08019b99   Thumb Code    16  rt_ctype_table.o(.text)
    __rt_locale                              0x08019ba9   Thumb Code     8  rt_locale_intlibspace.o(.text)
    _printf_fp_infnan                        0x08019bb1   Thumb Code   112  _printf_fp_infnan.o(.text)
    _btod_etento                             0x08019c31   Thumb Code   224  bigflt0.o(.text)
    exit                                     0x08019d15   Thumb Code    18  exit.o(.text)
    __user_libspace                          0x08019d29   Thumb Code     8  libspace.o(.text)
    __user_perproc_libspace                  0x08019d29   Thumb Code     0  libspace.o(.text)
    __user_perthread_libspace                0x08019d29   Thumb Code     0  libspace.o(.text)
    _btod_d2e                                0x08019d31   Thumb Code    62  btod.o(CL$$btod_d2e)
    _d2e_denorm_low                          0x08019d6f   Thumb Code    70  btod.o(CL$$btod_d2e_denorm_low)
    _d2e_norm_op1                            0x08019db5   Thumb Code    96  btod.o(CL$$btod_d2e_norm_op1)
    __btod_div_common                        0x08019e15   Thumb Code   696  btod.o(CL$$btod_div_common)
    _e2e                                     0x0801a14d   Thumb Code   220  btod.o(CL$$btod_e2e)
    _btod_ediv                               0x0801a229   Thumb Code    42  btod.o(CL$$btod_ediv)
    _btod_emul                               0x0801a253   Thumb Code    42  btod.o(CL$$btod_emul)
    __btod_mult_common                       0x0801a27d   Thumb Code   580  btod.o(CL$$btod_mult_common)
    CRC32Software                            0x0801a4c1   Thumb Code    40  f_crc32.o(i.CRC32Software)
    CRC32Software_                           0x0801a4ed   Thumb Code    40  f_crc32.o(i.CRC32Software_)
    __ARM_fpclassify                         0x0801a519   Thumb Code    40  fpclassify.o(i.__ARM_fpclassify)
    _is_digit                                0x0801a541   Thumb Code    14  __printf_wp.o(i._is_digit)
    _get_lc_numeric                          0x0801a551   Thumb Code    44  lc_numeric_c.o(locale$$code)
    _get_lc_ctype                            0x0801a57d   Thumb Code    44  lc_ctype_c.o(locale$$code)
    __aeabi_d2uiz                            0x0801a5a9   Thumb Code     0  dfixu.o(x$fpl$dfixu)
    _dfixu                                   0x0801a5a9   Thumb Code    90  dfixu.o(x$fpl$dfixu)
    __aeabi_ui2d                             0x0801a603   Thumb Code     0  dflt_clz.o(x$fpl$dfltu)
    _dfltu                                   0x0801a603   Thumb Code    38  dflt_clz.o(x$fpl$dfltu)
    __aeabi_dmul                             0x0801a629   Thumb Code     0  dmul.o(x$fpl$dmul)
    _dmul                                    0x0801a629   Thumb Code   332  dmul.o(x$fpl$dmul)
    __fpl_dnaninf                            0x0801a77d   Thumb Code   156  dnaninf.o(x$fpl$dnaninf)
    __fpl_dretinf                            0x0801a819   Thumb Code    12  dretinf.o(x$fpl$dretinf)
    __aeabi_fadd                             0x0801a825   Thumb Code     0  faddsub_clz.o(x$fpl$fadd)
    _fadd                                    0x0801a825   Thumb Code   196  faddsub_clz.o(x$fpl$fadd)
    __fpl_fcmp_Inf                           0x0801a8e9   Thumb Code    24  fcmpi.o(x$fpl$fcmpinf)
    __aeabi_fdiv                             0x0801a901   Thumb Code     0  fdiv.o(x$fpl$fdiv)
    _fdiv                                    0x0801a901   Thumb Code   384  fdiv.o(x$fpl$fdiv)
    __aeabi_cfcmpeq                          0x0801aa85   Thumb Code     0  feqf.o(x$fpl$feqf)
    _fcmpeq                                  0x0801aa85   Thumb Code   104  feqf.o(x$fpl$feqf)
    __aeabi_f2uiz                            0x0801aaed   Thumb Code     0  ffixu.o(x$fpl$ffixu)
    _ffixu                                   0x0801aaed   Thumb Code    62  ffixu.o(x$fpl$ffixu)
    __aeabi_ui2f                             0x0801ab2d   Thumb Code     0  fflt_clz.o(x$fpl$ffltu)
    _ffltu                                   0x0801ab2d   Thumb Code    38  fflt_clz.o(x$fpl$ffltu)
    __aeabi_cfcmple                          0x0801ab55   Thumb Code     0  fleqf.o(x$fpl$fleqf)
    _fcmple                                  0x0801ab55   Thumb Code   104  fleqf.o(x$fpl$fleqf)
    __fpl_fcmple_InfNaN                      0x0801aba7   Thumb Code     0  fleqf.o(x$fpl$fleqf)
    __aeabi_fmul                             0x0801abbd   Thumb Code     0  fmul.o(x$fpl$fmul)
    _fmul                                    0x0801abbd   Thumb Code   258  fmul.o(x$fpl$fmul)
    __fpl_fnaninf                            0x0801acbf   Thumb Code   140  fnaninf.o(x$fpl$fnaninf)
    __fpl_fretinf                            0x0801ad4b   Thumb Code    10  fretinf.o(x$fpl$fretinf)
    __aeabi_cfrcmple                         0x0801ad55   Thumb Code     0  frleqf.o(x$fpl$frleqf)
    _frcmple                                 0x0801ad55   Thumb Code    98  frleqf.o(x$fpl$frleqf)
    __aeabi_fsub                             0x0801adb9   Thumb Code     0  faddsub_clz.o(x$fpl$fsub)
    _fsub                                    0x0801adb9   Thumb Code   234  faddsub_clz.o(x$fpl$fsub)
    _printf_fp_dec                           0x0801aea3   Thumb Code     4  printf1.o(x$fpl$printf1)
    __I$use$fp                               0x0801aea6   Number         0  usenofp.o(x$fpl$usenofp)
    asc2_1206                                0x0801aeb4   Data        1140  lcd.o(.constdata)
    asc2_1608                                0x0801b328   Data        1520  lcd.o(.constdata)
    asc2_2412                                0x0801b918   Data        3420  lcd.o(.constdata)
    memtblsize                               0x0801c674   Data           8  malloc.o(.constdata)
    memblksize                               0x0801c67c   Data           8  malloc.o(.constdata)
    memsize                                  0x0801c684   Data           8  malloc.o(.constdata)
    FILE_TYPE_TBL                            0x0801c6c8   Data         312  exfuns.o(.constdata)
    GBK24_PATH                               0x0801cbc0   Data           4  fontupd.o(.constdata)
    GBK16_PATH                               0x0801cbc4   Data           4  fontupd.o(.constdata)
    GBK12_PATH                               0x0801cbc8   Data           4  fontupd.o(.constdata)
    UNIGBK_PATH                              0x0801cbcc   Data           4  fontupd.o(.constdata)
    _aMaskTbl                                0x0801cbd0   Data          32  gif.o(.constdata)
    _aInterlaceOffset                        0x0801cbf0   Data           4  gif.o(.constdata)
    _aInterlaceYPos                          0x0801cbf4   Data           4  gif.o(.constdata)
    Crc32Table                               0x0801d0b8   Data        1024  f_crc32.o(.constdata)
    Region$$Table$$Base                      0x0801d7c4   Number         0  anon$$obj.o(Region$$Table)
    Region$$Table$$Limit                     0x0801d7e4   Number         0  anon$$obj.o(Region$$Table)
    __ctype                                  0x0801d80d   Data           0  lc_ctype_c.o(locale$$data)
    SystemCoreClock                          0x20000000   Data           4  system_stm32f10x.o(.data)
    AHBPrescTable                            0x20000004   Data          16  system_stm32f10x.o(.data)
    Crc_file                                 0x20000014   Data           4  upgrade.o(.data)
    Upgrade_Flag                             0x20000018   Data           1  upgrade.o(.data)
    wifista_ssid                             0x2000001c   Data           4  wifista.o(.data)
    wifista_encryption                       0x20000020   Data           4  wifista.o(.data)
    wifista_password                         0x20000024   Data           4  wifista.o(.data)
    ATK_ESP8266_ECN_TBL                      0x20000028   Data          20  wifista.o(.data)
    POINT_COLOR                              0x2000003e   Data           2  lcd.o(.data)
    BACK_COLOR                               0x20000040   Data           2  lcd.o(.data)
    W25QXX_TYPE                              0x20000042   Data           2  w25qxx.o(.data)
    TransferError                            0x2000004e   Data           1  sdio_sdcard.o(.data)
    TransferEnd                              0x2000004f   Data           1  sdio_sdcard.o(.data)
    tempbuff                                 0x20000050   Data           4  sdio_sdcard.o(.data)
    up_flag                                  0x20000054   Data           1  timer.o(.data)
    USART3_RX_STA                            0x20000056   Data           2  usart3.o(.data)
    __stdout                                 0x2000005c   Data           4  usart.o(.data)
    USART_RX_STA                             0x20000060   Data           2  usart.o(.data)
    mallco_dev                               0x20000078   Data          28  malloc.o(.data)
    FLASH_SECTOR_COUNT                       0x20000094   Data           2  diskio.o(.data)
    fs                                       0x200000a4   Data           8  exfuns.o(.data)
    file                                     0x200000ac   Data           4  exfuns.o(.data)
    ftemp                                    0x200000b0   Data           4  exfuns.o(.data)
    br                                       0x200000b4   Data           4  exfuns.o(.data)
    bw                                       0x200000b8   Data           4  exfuns.o(.data)
    fatbuf                                   0x200000bc   Data           4  exfuns.o(.data)
    sys_cmd_tab                              0x200000c0   Data          28  usmart.o(.data)
    usmart_nametab                           0x200000dc   Data          40  usmart_config.o(.data)
    usmart_dev                               0x20000104   Data         244  usmart_config.o(.data)
    gifdecoding                              0x200001f8   Data           1  gif.o(.data)
    f_jpeg                                   0x200001fc   Data           4  tjpgd.o(.data)
    jpeg_dev                                 0x20000200   Data           4  tjpgd.o(.data)
    jpg_buffer                               0x20000204   Data           4  tjpgd.o(.data)
    lcddev                                   0x20000208   Data          14  lcd.o(.bss)
    W25QXX_BUFFER                            0x20000216   Data        4096  w25qxx.o(.bss)
    SDIO_InitStructure                       0x20001218   Data          24  sdio_sdcard.o(.bss)
    SDIO_CmdInitStructure                    0x20001230   Data          20  sdio_sdcard.o(.bss)
    SDIO_DataInitStructure                   0x20001244   Data          24  sdio_sdcard.o(.bss)
    SDCardInfo                               0x20001280   Data          88  sdio_sdcard.o(.bss)
    SDIO_DATA_BUFFER                         0x200012d8   Data         512  sdio_sdcard.o(.bss)
    USART3_RX_BUF                            0x200014d8   Data        5200  usart3.o(.bss)
    USART3_RX_BUF1                           0x20002928   Data        5200  usart3.o(.bss)
    USART3_TX_BUF                            0x20003d78   Data         600  usart3.o(.bss)
    USART_RX_BUF                             0x20003fd0   Data         200  usart.o(.bss)
    mem1base                                 0x200040a0   Data       40960  malloc.o(.bss)
    mem1mapbase                              0x2000e0a0   Data        2560  malloc.o(.bss)
    fileinfo                                 0x2000eaa0   Data          32  exfuns.o(.bss)
    dir                                      0x2000eac0   Data          36  exfuns.o(.bss)
    ftinfo                                   0x2000eae4   Data          33  fontupd.o(.bss)
    picinfo                                  0x2000eb08   Data          40  piclib.o(.bss)
    pic_phy                                  0x2000eb30   Data          20  piclib.o(.bss)
    __libspace_start                         0x2000eb44   Data          96  libspace.o(.bss)
    __temporary_stack_top$libspace           0x2000eba4   Data           0  libspace.o(.bss)
    mem2base                                 0x68000000   Data          32  malloc.o(.ARM.__AT_0x68000000)
    mem2mapbase                              0x68000020   Data           2  malloc.o(.ARM.__AT_0x68000020)



==============================================================================

Memory Map of the image

  Image Entry point : 0x08005131

  Load Region LR_IROM1 (Base: 0x08005000, Size: 0x00018b18, Max: 0x00070000, ABSOLUTE, COMPRESSED[0x000189b8])

    Execution Region ER_IROM1 (Exec base: 0x08005000, Load base: 0x08005000, Size: 0x00018910, Max: 0x00070000, ABSOLUTE)

    Exec Addr    Load Addr    Size         Type   Attr      Idx    E Section Name        Object

    0x08005000   0x08005000   0x00000130   Data   RO          554    RESET               startup_stm32f10x_hd.o
    0x08005130   0x08005130   0x00000008   Code   RO         1062  * !!!main             c_w.l(__main.o)
    0x08005138   0x08005138   0x00000034   Code   RO         1397    !!!scatter          c_w.l(__scatter.o)
    0x0800516c   0x0800516c   0x0000005a   Code   RO         1395    !!dczerorl2         c_w.l(__dczerorl2.o)
    0x080051c6   0x080051c6   0x00000002   PAD
    0x080051c8   0x080051c8   0x0000001c   Code   RO         1399    !!handler_zi        c_w.l(__scatter_zi.o)
    0x080051e4   0x080051e4   0x00000000   Code   RO         1041    .ARM.Collect$$_printf_percent$$00000000  c_w.l(_printf_percent.o)
    0x080051e4   0x080051e4   0x00000006   Code   RO         1134    .ARM.Collect$$_printf_percent$$00000001  c_w.l(_printf_n.o)
    0x080051ea   0x080051ea   0x00000006   Code   RO         1135    .ARM.Collect$$_printf_percent$$00000002  c_w.l(_printf_p.o)
    0x080051f0   0x080051f0   0x00000006   Code   RO         1138    .ARM.Collect$$_printf_percent$$00000003  c_w.l(_printf_f.o)
    0x080051f6   0x080051f6   0x00000006   Code   RO         1139    .ARM.Collect$$_printf_percent$$00000004  c_w.l(_printf_e.o)
    0x080051fc   0x080051fc   0x00000006   Code   RO         1140    .ARM.Collect$$_printf_percent$$00000005  c_w.l(_printf_g.o)
    0x08005202   0x08005202   0x00000006   Code   RO         1141    .ARM.Collect$$_printf_percent$$00000006  c_w.l(_printf_a.o)
    0x08005208   0x08005208   0x0000000a   Code   RO         1146    .ARM.Collect$$_printf_percent$$00000007  c_w.l(_printf_ll.o)
    0x08005212   0x08005212   0x00000006   Code   RO         1137    .ARM.Collect$$_printf_percent$$00000008  c_w.l(_printf_i.o)
    0x08005218   0x08005218   0x00000006   Code   RO         1039    .ARM.Collect$$_printf_percent$$00000009  c_w.l(_printf_d.o)
    0x0800521e   0x0800521e   0x00000006   Code   RO         1040    .ARM.Collect$$_printf_percent$$0000000A  c_w.l(_printf_u.o)
    0x08005224   0x08005224   0x00000006   Code   RO         1136    .ARM.Collect$$_printf_percent$$0000000B  c_w.l(_printf_o.o)
    0x0800522a   0x0800522a   0x00000006   Code   RO         1038    .ARM.Collect$$_printf_percent$$0000000C  c_w.l(_printf_x.o)
    0x08005230   0x08005230   0x00000006   Code   RO         1143    .ARM.Collect$$_printf_percent$$0000000D  c_w.l(_printf_lli.o)
    0x08005236   0x08005236   0x00000006   Code   RO         1144    .ARM.Collect$$_printf_percent$$0000000E  c_w.l(_printf_lld.o)
    0x0800523c   0x0800523c   0x00000006   Code   RO         1145    .ARM.Collect$$_printf_percent$$0000000F  c_w.l(_printf_llu.o)
    0x08005242   0x08005242   0x00000006   Code   RO         1150    .ARM.Collect$$_printf_percent$$00000010  c_w.l(_printf_llo.o)
    0x08005248   0x08005248   0x00000006   Code   RO         1151    .ARM.Collect$$_printf_percent$$00000011  c_w.l(_printf_llx.o)
    0x0800524e   0x0800524e   0x0000000a   Code   RO         1147    .ARM.Collect$$_printf_percent$$00000012  c_w.l(_printf_l.o)
    0x08005258   0x08005258   0x00000006   Code   RO         1036    .ARM.Collect$$_printf_percent$$00000013  c_w.l(_printf_c.o)
    0x0800525e   0x0800525e   0x00000006   Code   RO         1037    .ARM.Collect$$_printf_percent$$00000014  c_w.l(_printf_s.o)
    0x08005264   0x08005264   0x00000006   Code   RO         1148    .ARM.Collect$$_printf_percent$$00000015  c_w.l(_printf_lc.o)
    0x0800526a   0x0800526a   0x00000006   Code   RO         1149    .ARM.Collect$$_printf_percent$$00000016  c_w.l(_printf_ls.o)
    0x08005270   0x08005270   0x00000004   Code   RO         1142    .ARM.Collect$$_printf_percent$$00000017  c_w.l(_printf_percent_end.o)
    0x08005274   0x08005274   0x00000002   Code   RO         1258    .ARM.Collect$$libinit$$00000000  c_w.l(libinit.o)
    0x08005276   0x08005276   0x00000000   Code   RO         1276    .ARM.Collect$$libinit$$00000002  c_w.l(libinit2.o)
    0x08005276   0x08005276   0x00000000   Code   RO         1278    .ARM.Collect$$libinit$$00000004  c_w.l(libinit2.o)
    0x08005276   0x08005276   0x00000000   Code   RO         1281    .ARM.Collect$$libinit$$0000000A  c_w.l(libinit2.o)
    0x08005276   0x08005276   0x00000000   Code   RO         1283    .ARM.Collect$$libinit$$0000000C  c_w.l(libinit2.o)
    0x08005276   0x08005276   0x00000000   Code   RO         1285    .ARM.Collect$$libinit$$0000000E  c_w.l(libinit2.o)
    0x08005276   0x08005276   0x00000006   Code   RO         1286    .ARM.Collect$$libinit$$0000000F  c_w.l(libinit2.o)
    0x0800527c   0x0800527c   0x00000000   Code   RO         1288    .ARM.Collect$$libinit$$00000011  c_w.l(libinit2.o)
    0x0800527c   0x0800527c   0x0000000c   Code   RO         1289    .ARM.Collect$$libinit$$00000012  c_w.l(libinit2.o)
    0x08005288   0x08005288   0x00000000   Code   RO         1290    .ARM.Collect$$libinit$$00000013  c_w.l(libinit2.o)
    0x08005288   0x08005288   0x00000000   Code   RO         1292    .ARM.Collect$$libinit$$00000015  c_w.l(libinit2.o)
    0x08005288   0x08005288   0x0000000a   Code   RO         1293    .ARM.Collect$$libinit$$00000016  c_w.l(libinit2.o)
    0x08005292   0x08005292   0x00000000   Code   RO         1294    .ARM.Collect$$libinit$$00000017  c_w.l(libinit2.o)
    0x08005292   0x08005292   0x00000000   Code   RO         1296    .ARM.Collect$$libinit$$00000019  c_w.l(libinit2.o)
    0x08005292   0x08005292   0x00000000   Code   RO         1298    .ARM.Collect$$libinit$$0000001B  c_w.l(libinit2.o)
    0x08005292   0x08005292   0x00000000   Code   RO         1300    .ARM.Collect$$libinit$$0000001D  c_w.l(libinit2.o)
    0x08005292   0x08005292   0x00000000   Code   RO         1302    .ARM.Collect$$libinit$$0000001F  c_w.l(libinit2.o)
    0x08005292   0x08005292   0x00000000   Code   RO         1304    .ARM.Collect$$libinit$$00000021  c_w.l(libinit2.o)
    0x08005292   0x08005292   0x00000000   Code   RO         1306    .ARM.Collect$$libinit$$00000023  c_w.l(libinit2.o)
    0x08005292   0x08005292   0x00000000   Code   RO         1308    .ARM.Collect$$libinit$$00000025  c_w.l(libinit2.o)
    0x08005292   0x08005292   0x00000000   Code   RO         1312    .ARM.Collect$$libinit$$0000002C  c_w.l(libinit2.o)
    0x08005292   0x08005292   0x00000000   Code   RO         1314    .ARM.Collect$$libinit$$0000002E  c_w.l(libinit2.o)
    0x08005292   0x08005292   0x00000000   Code   RO         1316    .ARM.Collect$$libinit$$00000030  c_w.l(libinit2.o)
    0x08005292   0x08005292   0x00000000   Code   RO         1318    .ARM.Collect$$libinit$$00000032  c_w.l(libinit2.o)
    0x08005292   0x08005292   0x00000002   Code   RO         1319    .ARM.Collect$$libinit$$00000033  c_w.l(libinit2.o)
    0x08005294   0x08005294   0x00000002   Code   RO         1347    .ARM.Collect$$libshutdown$$00000000  c_w.l(libshutdown.o)
    0x08005296   0x08005296   0x00000000   Code   RO         1361    .ARM.Collect$$libshutdown$$00000002  c_w.l(libshutdown2.o)
    0x08005296   0x08005296   0x00000000   Code   RO         1363    .ARM.Collect$$libshutdown$$00000004  c_w.l(libshutdown2.o)
    0x08005296   0x08005296   0x00000000   Code   RO         1366    .ARM.Collect$$libshutdown$$00000007  c_w.l(libshutdown2.o)
    0x08005296   0x08005296   0x00000000   Code   RO         1369    .ARM.Collect$$libshutdown$$0000000A  c_w.l(libshutdown2.o)
    0x08005296   0x08005296   0x00000000   Code   RO         1371    .ARM.Collect$$libshutdown$$0000000C  c_w.l(libshutdown2.o)
    0x08005296   0x08005296   0x00000000   Code   RO         1374    .ARM.Collect$$libshutdown$$0000000F  c_w.l(libshutdown2.o)
    0x08005296   0x08005296   0x00000002   Code   RO         1375    .ARM.Collect$$libshutdown$$00000010  c_w.l(libshutdown2.o)
    0x08005298   0x08005298   0x00000000   Code   RO         1106    .ARM.Collect$$rtentry$$00000000  c_w.l(__rtentry.o)
    0x08005298   0x08005298   0x00000000   Code   RO         1174    .ARM.Collect$$rtentry$$00000002  c_w.l(__rtentry2.o)
    0x08005298   0x08005298   0x00000006   Code   RO         1186    .ARM.Collect$$rtentry$$00000004  c_w.l(__rtentry4.o)
    0x0800529e   0x0800529e   0x00000000   Code   RO         1176    .ARM.Collect$$rtentry$$00000009  c_w.l(__rtentry2.o)
    0x0800529e   0x0800529e   0x00000004   Code   RO         1177    .ARM.Collect$$rtentry$$0000000A  c_w.l(__rtentry2.o)
    0x080052a2   0x080052a2   0x00000000   Code   RO         1179    .ARM.Collect$$rtentry$$0000000C  c_w.l(__rtentry2.o)
    0x080052a2   0x080052a2   0x00000008   Code   RO         1180    .ARM.Collect$$rtentry$$0000000D  c_w.l(__rtentry2.o)
    0x080052aa   0x080052aa   0x00000002   Code   RO         1266    .ARM.Collect$$rtexit$$00000000  c_w.l(rtexit.o)
    0x080052ac   0x080052ac   0x00000000   Code   RO         1321    .ARM.Collect$$rtexit$$00000002  c_w.l(rtexit2.o)
    0x080052ac   0x080052ac   0x00000004   Code   RO         1322    .ARM.Collect$$rtexit$$00000003  c_w.l(rtexit2.o)
    0x080052b0   0x080052b0   0x00000006   Code   RO         1323    .ARM.Collect$$rtexit$$00000004  c_w.l(rtexit2.o)
    0x080052b6   0x080052b6   0x00000002   PAD
    0x080052b8   0x080052b8   0x000005cc   Code   RO            1    .text               main.o
    0x08005884   0x08005884   0x0000001a   Code   RO          207    .text               stm32f10x_it.o
    0x0800589e   0x0800589e   0x00000002   PAD
    0x080058a0   0x080058a0   0x000001e0   Code   RO          248    .text               system_stm32f10x.o
    0x08005a80   0x08005a80   0x000007ec   Code   RO          266    .text               upgrade.o
    0x0800626c   0x0800626c   0x00000358   Code   RO          298    .text               wifista.o
    0x080065c4   0x080065c4   0x0000004c   Code   RO          317    .text               led.o
    0x08006610   0x08006610   0x000000d8   Code   RO          329    .text               key.o
    0x080066e8   0x080066e8   0x00004a56   Code   RO          342    .text               lcd.o
    0x0800b13e   0x0800b13e   0x00000002   PAD
    0x0800b140   0x0800b140   0x00000108   Code   RO          372    .text               spi.o
    0x0800b248   0x0800b248   0x00000368   Code   RO          387    .text               w25qxx.o
    0x0800b5b0   0x0800b5b0   0x00001c30   Code   RO          406    .text               sdio_sdcard.o
    0x0800d1e0   0x0800d1e0   0x0000006e   Code   RO          432    .text               crc32.o
    0x0800d24e   0x0800d24e   0x00000002   PAD
    0x0800d250   0x0800d250   0x00000188   Code   RO          444    .text               timer.o
    0x0800d3d8   0x0800d3d8   0x000001b4   Code   RO          462    .text               usart3.o
    0x0800d58c   0x0800d58c   0x000000d4   Code   RO          488    .text               delay.o
    0x0800d660   0x0800d660   0x0000000c   Code   RO          503    .text               sys.o
    0x0800d66c   0x0800d66c   0x00000140   Code   RO          519    .text               usart.o
    0x0800d7ac   0x0800d7ac   0x00000040   Code   RO          555    .text               startup_stm32f10x_hd.o
    0x0800d7ec   0x0800d7ec   0x000000dc   Code   RO          559    .text               misc.o
    0x0800d8c8   0x0800d8c8   0x0000060c   Code   RO          571    .text               stm32f10x_fsmc.o
    0x0800ded4   0x0800ded4   0x0000035c   Code   RO          583    .text               stm32f10x_gpio.o
    0x0800e230   0x0800e230   0x000003a4   Code   RO          595    .text               stm32f10x_rcc.o
    0x0800e5d4   0x0800e5d4   0x0000030c   Code   RO          609    .text               stm32f10x_spi.o
    0x0800e8e0   0x0800e8e0   0x00000408   Code   RO          621    .text               stm32f10x_usart.o
    0x0800ece8   0x0800ece8   0x00000e1a   Code   RO          633    .text               stm32f10x_tim.o
    0x0800fb02   0x0800fb02   0x00000002   PAD
    0x0800fb04   0x0800fb04   0x00000254   Code   RO          645    .text               stm32f10x_dma.o
    0x0800fd58   0x0800fd58   0x000001d4   Code   RO          657    .text               stm32f10x_sdio.o
    0x0800ff2c   0x0800ff2c   0x0000022c   Code   RO          669    .text               malloc.o
    0x08010158   0x08010158   0x00000200   Code   RO          691    .text               diskio.o
    0x08010358   0x08010358   0x000032e4   Code   RO          709    .text               ff.o
    0x0801363c   0x0801363c   0x000001a8   Code   RO          727    .text               exfuns.o
    0x080137e4   0x080137e4   0x000006c8   Code   RO          751    .text               fattester.o
    0x08013eac   0x08013eac   0x000000cc   Code   RO          767    .text               mycc936.o
    0x08013f78   0x08013f78   0x00000c38   Code   RO          780    .text               usmart.o
    0x08014bb0   0x08014bb0   0x00000528   Code   RO          809    .text               usmart_str.o
    0x080150d8   0x080150d8   0x000005d0   Code   RO          821    .text               fontupd.o
    0x080156a8   0x080156a8   0x000002d4   Code   RO          845    .text               text.o
    0x0801597c   0x0801597c   0x0000088c   Code   RO          857    .text               bmp.o
    0x08016208   0x08016208   0x00000ea0   Code   RO          869    .text               gif.o
    0x080170a8   0x080170a8   0x000002f0   Code   RO          888    .text               piclib.o
    0x08017398   0x08017398   0x00001270   Code   RO          906    .text               tjpgd.o
    0x08018608   0x08018608   0x00000002   Code   RO          973    .text               c_w.l(use_no_semi_2.o)
    0x0801860a   0x0801860a   0x00000048   Code   RO          975    .text               c_w.l(llsdiv.o)
    0x08018652   0x08018652   0x00000002   PAD
    0x08018654   0x08018654   0x00000024   Code   RO          977    .text               c_w.l(c89vsprintf.o)
    0x08018678   0x08018678   0x00000018   Code   RO          979    .text               c_w.l(__2printf.o)
    0x08018690   0x08018690   0x0000002c   Code   RO          981    .text               c_w.l(__2sprintf.o)
    0x080186bc   0x080186bc   0x0000004e   Code   RO          989    .text               c_w.l(_printf_pad.o)
    0x0801870a   0x0801870a   0x00000052   Code   RO          991    .text               c_w.l(_printf_str.o)
    0x0801875c   0x0801875c   0x00000078   Code   RO          993    .text               c_w.l(_printf_dec.o)
    0x080187d4   0x080187d4   0x00000094   Code   RO         1013    .text               c_w.l(_printf_hex_int_ll_ptr.o)
    0x08018868   0x08018868   0x00000188   Code   RO         1033    .text               c_w.l(__printf_flags_ss_wp.o)
    0x080189f0   0x080189f0   0x0000003c   Code   RO         1042    .text               c_w.l(__0sscanf.o)
    0x08018a2c   0x08018a2c   0x0000014c   Code   RO         1044    .text               c_w.l(_scanf_int.o)
    0x08018b78   0x08018b78   0x00000024   Code   RO         1046    .text               c_w.l(strstr.o)
    0x08018b9c   0x08018b9c   0x00000048   Code   RO         1048    .text               c_w.l(strcpy.o)
    0x08018be4   0x08018be4   0x0000003e   Code   RO         1050    .text               c_w.l(strlen.o)
    0x08018c22   0x08018c22   0x00000018   Code   RO         1052    .text               c_w.l(strcat.o)
    0x08018c3a   0x08018c3a   0x0000008a   Code   RO         1054    .text               c_w.l(rt_memcpy_v6.o)
    0x08018cc4   0x08018cc4   0x0000004e   Code   RO         1056    .text               c_w.l(rt_memclr_w.o)
    0x08018d12   0x08018d12   0x00000002   PAD
    0x08018d14   0x08018d14   0x00000080   Code   RO         1058    .text               c_w.l(strcmpv7m.o)
    0x08018d94   0x08018d94   0x00000006   Code   RO         1060    .text               c_w.l(heapauxi.o)
    0x08018d9a   0x08018d9a   0x00000002   Code   RO         1104    .text               c_w.l(use_no_semi.o)
    0x08018d9c   0x08018d9c   0x000000ee   Code   RO         1107    .text               c_w.l(lludivv7m.o)
    0x08018e8a   0x08018e8a   0x00000024   Code   RO         1109    .text               c_w.l(_printf_truncate.o)
    0x08018eae   0x08018eae   0x000000b2   Code   RO         1111    .text               c_w.l(_printf_intcommon.o)
    0x08018f60   0x08018f60   0x00000028   Code   RO         1113    .text               c_w.l(_printf_charcount.o)
    0x08018f88   0x08018f88   0x00000030   Code   RO         1115    .text               c_w.l(_printf_char_common.o)
    0x08018fb8   0x08018fb8   0x0000000a   Code   RO         1117    .text               c_w.l(_sputc.o)
    0x08018fc2   0x08018fc2   0x0000002c   Code   RO         1119    .text               c_w.l(_printf_char.o)
    0x08018fee   0x08018fee   0x00000002   PAD
    0x08018ff0   0x08018ff0   0x00000024   Code   RO         1121    .text               c_w.l(_printf_char_file.o)
    0x08019014   0x08019014   0x000000bc   Code   RO         1123    .text               c_w.l(_printf_wctomb.o)
    0x080190d0   0x080190d0   0x0000007c   Code   RO         1126    .text               c_w.l(_printf_longlong_dec.o)
    0x0801914c   0x0801914c   0x00000070   Code   RO         1132    .text               c_w.l(_printf_oct_int_ll.o)
    0x080191bc   0x080191bc   0x0000001c   Code   RO         1152    .text               c_w.l(_chval.o)
    0x080191d8   0x080191d8   0x0000002c   Code   RO         1154    .text               c_w.l(scanf_char.o)
    0x08019204   0x08019204   0x00000040   Code   RO         1156    .text               c_w.l(_sgetc.o)
    0x08019244   0x08019244   0x00000064   Code   RO         1158    .text               c_w.l(rt_memcpy_w.o)
    0x080192a8   0x080192a8   0x0000008a   Code   RO         1192    .text               c_w.l(lludiv10.o)
    0x08019332   0x08019332   0x00000012   Code   RO         1194    .text               c_w.l(isspace.o)
    0x08019344   0x08019344   0x0000041e   Code   RO         1196    .text               c_w.l(_printf_fp_dec.o)
    0x08019762   0x08019762   0x0000002c   Code   RO         1200    .text               c_w.l(_printf_wchar.o)
    0x0801978e   0x0801978e   0x00000002   PAD
    0x08019790   0x08019790   0x00000374   Code   RO         1202    .text               c_w.l(_scanf.o)
    0x08019b04   0x08019b04   0x00000008   Code   RO         1204    .text               c_w.l(ferror.o)
    0x08019b0c   0x08019b0c   0x00000040   Code   RO         1208    .text               c_w.l(_wcrtomb.o)
    0x08019b4c   0x08019b4c   0x0000004a   Code   RO         1210    .text               c_w.l(sys_stackheap_outer.o)
    0x08019b96   0x08019b96   0x00000002   PAD
    0x08019b98   0x08019b98   0x00000010   Code   RO         1212    .text               c_w.l(rt_ctype_table.o)
    0x08019ba8   0x08019ba8   0x00000008   Code   RO         1219    .text               c_w.l(rt_locale_intlibspace.o)
    0x08019bb0   0x08019bb0   0x00000080   Code   RO         1221    .text               c_w.l(_printf_fp_infnan.o)
    0x08019c30   0x08019c30   0x000000e4   Code   RO         1223    .text               c_w.l(bigflt0.o)
    0x08019d14   0x08019d14   0x00000012   Code   RO         1251    .text               c_w.l(exit.o)
    0x08019d26   0x08019d26   0x00000002   PAD
    0x08019d28   0x08019d28   0x00000008   Code   RO         1263    .text               c_w.l(libspace.o)
    0x08019d30   0x08019d30   0x0000003e   Code   RO         1226    CL$$btod_d2e        c_w.l(btod.o)
    0x08019d6e   0x08019d6e   0x00000046   Code   RO         1228    CL$$btod_d2e_denorm_low  c_w.l(btod.o)
    0x08019db4   0x08019db4   0x00000060   Code   RO         1227    CL$$btod_d2e_norm_op1  c_w.l(btod.o)
    0x08019e14   0x08019e14   0x00000338   Code   RO         1236    CL$$btod_div_common  c_w.l(btod.o)
    0x0801a14c   0x0801a14c   0x000000dc   Code   RO         1233    CL$$btod_e2e        c_w.l(btod.o)
    0x0801a228   0x0801a228   0x0000002a   Code   RO         1230    CL$$btod_ediv       c_w.l(btod.o)
    0x0801a252   0x0801a252   0x0000002a   Code   RO         1229    CL$$btod_emul       c_w.l(btod.o)
    0x0801a27c   0x0801a27c   0x00000244   Code   RO         1235    CL$$btod_mult_common  c_w.l(btod.o)
    0x0801a4c0   0x0801a4c0   0x0000002c   Code   RO          938    i.CRC32Software     F_CRC_Lib.lib(f_crc32.o)
    0x0801a4ec   0x0801a4ec   0x0000002c   Code   RO          940    i.CRC32Software_    F_CRC_Lib.lib(f_crc32.o)
    0x0801a518   0x0801a518   0x00000028   Code   RO         1261    i.__ARM_fpclassify  m_ws.l(fpclassify.o)
    0x0801a540   0x0801a540   0x0000000e   Code   RO         1026    i._is_digit         c_w.l(__printf_wp.o)
    0x0801a54e   0x0801a54e   0x00000002   PAD
    0x0801a550   0x0801a550   0x0000002c   Code   RO         1249    locale$$code        c_w.l(lc_numeric_c.o)
    0x0801a57c   0x0801a57c   0x0000002c   Code   RO         1269    locale$$code        c_w.l(lc_ctype_c.o)
    0x0801a5a8   0x0801a5a8   0x0000005a   Code   RO         1064    x$fpl$dfixu         fz_ws.l(dfixu.o)
    0x0801a602   0x0801a602   0x00000026   Code   RO         1068    x$fpl$dfltu         fz_ws.l(dflt_clz.o)
    0x0801a628   0x0801a628   0x00000154   Code   RO         1074    x$fpl$dmul          fz_ws.l(dmul.o)
    0x0801a77c   0x0801a77c   0x0000009c   Code   RO         1160    x$fpl$dnaninf       fz_ws.l(dnaninf.o)
    0x0801a818   0x0801a818   0x0000000c   Code   RO         1162    x$fpl$dretinf       fz_ws.l(dretinf.o)
    0x0801a824   0x0801a824   0x000000c4   Code   RO         1076    x$fpl$fadd          fz_ws.l(faddsub_clz.o)
    0x0801a8e8   0x0801a8e8   0x00000018   Code   RO         1164    x$fpl$fcmpinf       fz_ws.l(fcmpi.o)
    0x0801a900   0x0801a900   0x00000184   Code   RO         1083    x$fpl$fdiv          fz_ws.l(fdiv.o)
    0x0801aa84   0x0801aa84   0x00000068   Code   RO         1086    x$fpl$feqf          fz_ws.l(feqf.o)
    0x0801aaec   0x0801aaec   0x0000003e   Code   RO         1088    x$fpl$ffixu         fz_ws.l(ffixu.o)
    0x0801ab2a   0x0801ab2a   0x00000002   PAD
    0x0801ab2c   0x0801ab2c   0x00000026   Code   RO         1092    x$fpl$ffltu         fz_ws.l(fflt_clz.o)
    0x0801ab52   0x0801ab52   0x00000002   PAD
    0x0801ab54   0x0801ab54   0x00000068   Code   RO         1098    x$fpl$fleqf         fz_ws.l(fleqf.o)
    0x0801abbc   0x0801abbc   0x00000102   Code   RO         1100    x$fpl$fmul          fz_ws.l(fmul.o)
    0x0801acbe   0x0801acbe   0x0000008c   Code   RO         1166    x$fpl$fnaninf       fz_ws.l(fnaninf.o)
    0x0801ad4a   0x0801ad4a   0x0000000a   Code   RO         1168    x$fpl$fretinf       fz_ws.l(fretinf.o)
    0x0801ad54   0x0801ad54   0x00000062   Code   RO         1102    x$fpl$frleqf        fz_ws.l(frleqf.o)
    0x0801adb6   0x0801adb6   0x00000002   PAD
    0x0801adb8   0x0801adb8   0x000000ea   Code   RO         1078    x$fpl$fsub          fz_ws.l(faddsub_clz.o)
    0x0801aea2   0x0801aea2   0x00000004   Code   RO         1170    x$fpl$printf1       fz_ws.l(printf1.o)
    0x0801aea6   0x0801aea6   0x00000000   Code   RO         1172    x$fpl$usenofp       fz_ws.l(usenofp.o)
    0x0801aea6   0x0801aea6   0x00000002   PAD
    0x0801aea8   0x0801aea8   0x0000000c   Data   RO          267    .constdata          upgrade.o
    0x0801aeb4   0x0801aeb4   0x000017c0   Data   RO          344    .constdata          lcd.o
    0x0801c674   0x0801c674   0x00000018   Data   RO          673    .constdata          malloc.o
    0x0801c68c   0x0801c68c   0x0000003a   Data   RO          710    .constdata          ff.o
    0x0801c6c6   0x0801c6c6   0x00000002   PAD
    0x0801c6c8   0x0801c6c8   0x00000138   Data   RO          729    .constdata          exfuns.o
    0x0801c800   0x0801c800   0x000003c0   Data   RO          768    .constdata          mycc936.o
    0x0801cbc0   0x0801cbc0   0x00000010   Data   RO          823    .constdata          fontupd.o
    0x0801cbd0   0x0801cbd0   0x00000028   Data   RO          870    .constdata          gif.o
    0x0801cbf8   0x0801cbf8   0x000004c0   Data   RO          907    .constdata          tjpgd.o
    0x0801d0b8   0x0801d0b8   0x00000400   Data   RO          941    .constdata          F_CRC_Lib.lib(f_crc32.o)
    0x0801d4b8   0x0801d4b8   0x00000028   Data   RO         1014    .constdata          c_w.l(_printf_hex_int_ll_ptr.o)
    0x0801d4e0   0x0801d4e0   0x00000011   Data   RO         1034    .constdata          c_w.l(__printf_flags_ss_wp.o)
    0x0801d4f1   0x0801d4f1   0x00000003   PAD
    0x0801d4f4   0x0801d4f4   0x00000008   Data   RO         1124    .constdata          c_w.l(_printf_wctomb.o)
    0x0801d4fc   0x0801d4fc   0x00000094   Data   RO         1224    .constdata          c_w.l(bigflt0.o)
    0x0801d590   0x0801d590   0x0000004d   Data   RO          299    .conststring        wifista.o
    0x0801d5dd   0x0801d5dd   0x00000003   PAD
    0x0801d5e0   0x0801d5e0   0x00000060   Data   RO          730    .conststring        exfuns.o
    0x0801d640   0x0801d640   0x00000028   Data   RO          781    .conststring        usmart.o
    0x0801d668   0x0801d668   0x000000fc   Data   RO          796    .conststring        usmart_config.o
    0x0801d764   0x0801d764   0x0000005f   Data   RO          824    .conststring        fontupd.o
    0x0801d7c3   0x0801d7c3   0x00000001   PAD
    0x0801d7c4   0x0801d7c4   0x00000020   Data   RO         1393    Region$$Table       anon$$obj.o
    0x0801d7e4   0x0801d7e4   0x0000001c   Data   RO         1248    locale$$data        c_w.l(lc_numeric_c.o)
    0x0801d800   0x0801d800   0x00000110   Data   RO         1268    locale$$data        c_w.l(lc_ctype_c.o)


    Execution Region RW_IRAM1 (Exec base: 0x20000000, Load base: 0x0801d910, Size: 0x0000f1a8, Max: 0x00010000, ABSOLUTE, COMPRESSED[0x000000a8])

    Exec Addr    Load Addr    Size         Type   Attr      Idx    E Section Name        Object

    0x20000000   COMPRESSED   0x00000014   Data   RW          249    .data               system_stm32f10x.o
    0x20000014   COMPRESSED   0x00000005   Data   RW          268    .data               upgrade.o
    0x20000019   COMPRESSED   0x00000003   PAD
    0x2000001c   COMPRESSED   0x00000020   Data   RW          300    .data               wifista.o
    0x2000003c   COMPRESSED   0x00000001   Data   RW          330    .data               key.o
    0x2000003d   COMPRESSED   0x00000001   PAD
    0x2000003e   COMPRESSED   0x00000004   Data   RW          345    .data               lcd.o
    0x20000042   COMPRESSED   0x00000002   Data   RW          389    .data               w25qxx.o
    0x20000044   COMPRESSED   0x00000010   Data   RW          408    .data               sdio_sdcard.o
    0x20000054   COMPRESSED   0x00000001   Data   RW          445    .data               timer.o
    0x20000055   COMPRESSED   0x00000001   PAD
    0x20000056   COMPRESSED   0x00000002   Data   RW          464    .data               usart3.o
    0x20000058   COMPRESSED   0x00000004   Data   RW          489    .data               delay.o
    0x2000005c   COMPRESSED   0x00000006   Data   RW          521    .data               usart.o
    0x20000062   COMPRESSED   0x00000014   Data   RW          596    .data               stm32f10x_rcc.o
    0x20000076   COMPRESSED   0x00000002   PAD
    0x20000078   COMPRESSED   0x0000001c   Data   RW          674    .data               malloc.o
    0x20000094   COMPRESSED   0x00000002   Data   RW          692    .data               diskio.o
    0x20000096   COMPRESSED   0x00000002   PAD
    0x20000098   COMPRESSED   0x0000000a   Data   RW          711    .data               ff.o
    0x200000a2   COMPRESSED   0x00000002   PAD
    0x200000a4   COMPRESSED   0x0000001c   Data   RW          731    .data               exfuns.o
    0x200000c0   COMPRESSED   0x0000001c   Data   RW          782    .data               usmart.o
    0x200000dc   COMPRESSED   0x0000011c   Data   RW          797    .data               usmart_config.o
    0x200001f8   COMPRESSED   0x00000001   Data   RW          871    .data               gif.o
    0x200001f9   COMPRESSED   0x00000003   PAD
    0x200001fc   COMPRESSED   0x0000000c   Data   RW          908    .data               tjpgd.o
    0x20000208        -       0x0000000e   Zero   RW          343    .bss                lcd.o
    0x20000216        -       0x00001000   Zero   RW          388    .bss                w25qxx.o
    0x20001216   COMPRESSED   0x00000002   PAD
    0x20001218        -       0x000002c0   Zero   RW          407    .bss                sdio_sdcard.o
    0x200014d8        -       0x00002af8   Zero   RW          463    .bss                usart3.o
    0x20003fd0        -       0x000000c8   Zero   RW          520    .bss                usart.o
    0x20004098   COMPRESSED   0x00000008   PAD
    0x200040a0        -       0x0000aa00   Zero   RW          672    .bss                malloc.o
    0x2000eaa0        -       0x00000044   Zero   RW          728    .bss                exfuns.o
    0x2000eae4        -       0x00000021   Zero   RW          822    .bss                fontupd.o
    0x2000eb05   COMPRESSED   0x00000003   PAD
    0x2000eb08        -       0x0000003c   Zero   RW          889    .bss                piclib.o
    0x2000eb44        -       0x00000060   Zero   RW         1264    .bss                c_w.l(libspace.o)
    0x2000eba4   COMPRESSED   0x00000004   PAD
    0x2000eba8        -       0x00000200   Zero   RW          553    HEAP                startup_stm32f10x_hd.o
    0x2000eda8        -       0x00000400   Zero   RW          552    STACK               startup_stm32f10x_hd.o



  Load Region LR$$.ARM.__AT_0x68000000 (Base: 0x68000000, Size: 0x00000000, Max: 0x00000020, ABSOLUTE)

    Execution Region ER$$.ARM.__AT_0x68000000 (Exec base: 0x68000000, Load base: 0x68000000, Size: 0x00000020, Max: 0x00000020, ABSOLUTE, UNINIT)

    Exec Addr    Load Addr    Size         Type   Attr      Idx    E Section Name        Object

    0x68000000        -       0x00000020   Zero   RW          670    .ARM.__AT_0x68000000  malloc.o



  Load Region LR$$.ARM.__AT_0x68000020 (Base: 0x68000020, Size: 0x00000000, Max: 0x00000004, ABSOLUTE)

    Execution Region ER$$.ARM.__AT_0x68000020 (Exec base: 0x68000020, Load base: 0x68000020, Size: 0x00000004, Max: 0x00000004, ABSOLUTE, UNINIT)

    Exec Addr    Load Addr    Size         Type   Attr      Idx    E Section Name        Object

    0x68000020        -       0x00000002   Zero   RW          671    .ARM.__AT_0x68000020  malloc.o


==============================================================================

Image component sizes


      Code (inc. data)   RO Data    RW Data    ZI Data      Debug   Object Name

      2188        116          0          0          0       5618   bmp.o
       110          0          0          0          0       1307   crc32.o
       212         18          0          4          0       1003   delay.o
       512          8          0          2          0       4238   diskio.o
       424         22        408         28         68       2688   exfuns.o
      1736        690          0          0          0       5848   fattester.o
     13028        144         58         10          0      37522   ff.o
      1488        158        111          0         33       4140   fontupd.o
      3744         24         40          1          0      10170   gif.o
       216         14          0          1          0        796   key.o
     19030        162       6080          4         14      22230   lcd.o
        76          8          0          0          0        475   led.o
      1484        294          0          0          0     293100   main.o
       556         18         24         28      43554       4600   malloc.o
       220         22          0          0          0       1761   misc.o
       204         12        960          0          0       1569   mycc936.o
       752         30          0          0         60       4555   piclib.o
      7216        256          0         16        704      24632   sdio_sdcard.o
       264         10          0          0          0       1101   spi.o
        64         26        304          0       1536        776   startup_stm32f10x_hd.o
       596          8          0          0          0       4322   stm32f10x_dma.o
      1548         18          0          0          0       5335   stm32f10x_fsmc.o
       860         38          0          0          0       5693   stm32f10x_gpio.o
        26          0          0          0          0       1158   stm32f10x_it.o
       932         36          0         20          0       8848   stm32f10x_rcc.o
       468         22          0          0          0       7080   stm32f10x_sdio.o
       780         14          0          0          0       6574   stm32f10x_spi.o
      3610         88          0          0          0      22800   stm32f10x_tim.o
      1032         22          0          0          0       8416   stm32f10x_usart.o
        12          0          0          0          0        599   sys.o
       480         38          0         20          0       1679   system_stm32f10x.o
       724         16          0          0          0       3076   text.o
       392         26          0          1          0       1576   timer.o
      4720         72       1216         12          0      17331   tjpgd.o
      2028        434         12          5          0      19867   upgrade.o
       320         16          0          6        200       3114   usart.o
       436         26          0          2      11000       2962   usart3.o
      3128       1288         40         28          0       4314   usmart.o
         0          0        252        284          0       1512   usmart_config.o
      1320         12          0          0          0       5185   usmart_str.o
       872         30          0          2       4096       4417   w25qxx.o
       856        192         77         32          0       3435   wifista.o

    ----------------------------------------------------------------------
     78672       4428       9620        520      61280     567422   Object Totals
         0          0         32          0          0          0   (incl. Generated)
         8          0          6         14         15          0   (incl. Padding)

    ----------------------------------------------------------------------

      Code (inc. data)   RO Data    RW Data    ZI Data      Debug   Library Member Name

        88          8       1024          0          0       4698   f_crc32.o
        60          8          0          0          0         84   __0sscanf.o
        24          4          0          0          0         84   __2printf.o
        44          6          0          0          0         84   __2sprintf.o
        90          0          0          0          0          0   __dczerorl2.o
         8          0          0          0          0         68   __main.o
       392          4         17          0          0         92   __printf_flags_ss_wp.o
        14          0          0          0          0         68   __printf_wp.o
         0          0          0          0          0          0   __rtentry.o
        12          0          0          0          0          0   __rtentry2.o
         6          0          0          0          0          0   __rtentry4.o
        52          8          0          0          0          0   __scatter.o
        28          0          0          0          0          0   __scatter_zi.o
        28          0          0          0          0         68   _chval.o
         6          0          0          0          0          0   _printf_a.o
         6          0          0          0          0          0   _printf_c.o
        44          0          0          0          0        108   _printf_char.o
        48          6          0          0          0         96   _printf_char_common.o
        36          4          0          0          0         80   _printf_char_file.o
        40          0          0          0          0         68   _printf_charcount.o
         6          0          0          0          0          0   _printf_d.o
       120         16          0          0          0         92   _printf_dec.o
         6          0          0          0          0          0   _printf_e.o
         6          0          0          0          0          0   _printf_f.o
      1054          0          0          0          0        216   _printf_fp_dec.o
       128         16          0          0          0         84   _printf_fp_infnan.o
         6          0          0          0          0          0   _printf_g.o
       148          4         40          0          0        160   _printf_hex_int_ll_ptr.o
         6          0          0          0          0          0   _printf_i.o
       178          0          0          0          0         88   _printf_intcommon.o
        10          0          0          0          0          0   _printf_l.o
         6          0          0          0          0          0   _printf_lc.o
        10          0          0          0          0          0   _printf_ll.o
         6          0          0          0          0          0   _printf_lld.o
         6          0          0          0          0          0   _printf_lli.o
         6          0          0          0          0          0   _printf_llo.o
         6          0          0          0          0          0   _printf_llu.o
         6          0          0          0          0          0   _printf_llx.o
       124         16          0          0          0         92   _printf_longlong_dec.o
         6          0          0          0          0          0   _printf_ls.o
         6          0          0          0          0          0   _printf_n.o
         6          0          0          0          0          0   _printf_o.o
       112         10          0          0          0        124   _printf_oct_int_ll.o
         6          0          0          0          0          0   _printf_p.o
        78          0          0          0          0        108   _printf_pad.o
         0          0          0          0          0          0   _printf_percent.o
         4          0          0          0          0          0   _printf_percent_end.o
         6          0          0          0          0          0   _printf_s.o
        82          0          0          0          0         80   _printf_str.o
        36          0          0          0          0         84   _printf_truncate.o
         6          0          0          0          0          0   _printf_u.o
        44          0          0          0          0        108   _printf_wchar.o
       188          6          8          0          0         92   _printf_wctomb.o
         6          0          0          0          0          0   _printf_x.o
       884          6          0          0          0        100   _scanf.o
       332          0          0          0          0         96   _scanf_int.o
        64          0          0          0          0         84   _sgetc.o
        10          0          0          0          0         68   _sputc.o
        64          0          0          0          0         92   _wcrtomb.o
       228          4        148          0          0         96   bigflt0.o
      1936        128          0          0          0        672   btod.o
        36          4          0          0          0         76   c89vsprintf.o
        18          0          0          0          0         80   exit.o
         8          0          0          0          0         68   ferror.o
         6          0          0          0          0        152   heapauxi.o
        18          0          0          0          0         76   isspace.o
        44         10        272          0          0         76   lc_ctype_c.o
        44         10         28          0          0         76   lc_numeric_c.o
         2          0          0          0          0          0   libinit.o
        30          0          0          0          0          0   libinit2.o
         2          0          0          0          0          0   libshutdown.o
         2          0          0          0          0          0   libshutdown2.o
         8          4          0          0         96         68   libspace.o
        72          0          0          0          0         76   llsdiv.o
       138          0          0          0          0         80   lludiv10.o
       238          0          0          0          0        100   lludivv7m.o
        16          4          0          0          0         76   rt_ctype_table.o
         8          4          0          0          0         68   rt_locale_intlibspace.o
        78          0          0          0          0         80   rt_memclr_w.o
       138          0          0          0          0         68   rt_memcpy_v6.o
       100          0          0          0          0         80   rt_memcpy_w.o
         2          0          0          0          0          0   rtexit.o
        10          0          0          0          0          0   rtexit2.o
        44          8          0          0          0         84   scanf_char.o
        24          0          0          0          0         68   strcat.o
       128          0          0          0          0         68   strcmpv7m.o
        72          0          0          0          0         80   strcpy.o
        62          0          0          0          0         76   strlen.o
        36          0          0          0          0         80   strstr.o
        74          0          0          0          0         80   sys_stackheap_outer.o
         2          0          0          0          0         68   use_no_semi.o
         2          0          0          0          0         68   use_no_semi_2.o
        90          4          0          0          0         92   dfixu.o
        38          0          0          0          0         68   dflt_clz.o
       340         12          0          0          0        104   dmul.o
       156          4          0          0          0         92   dnaninf.o
        12          0          0          0          0         68   dretinf.o
       430          8          0          0          0        168   faddsub_clz.o
        24          0          0          0          0         68   fcmpi.o
       388         76          0          0          0         96   fdiv.o
       104          4          0          0          0         84   feqf.o
        62          4          0          0          0         84   ffixu.o
        38          0          0          0          0         68   fflt_clz.o
       104          4          0          0          0         84   fleqf.o
       258          4          0          0          0         84   fmul.o
       140          4          0          0          0         84   fnaninf.o
        10          0          0          0          0         68   fretinf.o
        98          0          0          0          0         68   frleqf.o
         4          0          0          0          0         68   printf1.o
         0          0          0          0          0          0   usenofp.o
        40          0          0          0          0         68   fpclassify.o

    ----------------------------------------------------------------------
     10792        422       1540          0        100      11622   Library Totals
        26          0          3          0          4          0   (incl. Padding)

    ----------------------------------------------------------------------

      Code (inc. data)   RO Data    RW Data    ZI Data      Debug   Library Name

        88          8       1024          0          0       4698   F_CRC_Lib.lib
      8342        290        513          0         96       5408   c_w.l
      2296        124          0          0          0       1448   fz_ws.l
        40          0          0          0          0         68   m_ws.l

    ----------------------------------------------------------------------
     10792        422       1540          0        100      11622   Library Totals

    ----------------------------------------------------------------------

==============================================================================


      Code (inc. data)   RO Data    RW Data    ZI Data      Debug   

     89464       4850      11160        520      61380     571292   Grand Totals
     89464       4850      11160        168      61380     571292   ELF Image Totals (compressed)
     89464       4850      11160        168          0          0   ROM Totals

==============================================================================

    Total RO  Size (Code + RO Data)               100624 (  98.27kB)
    Total RW  Size (RW Data + ZI Data)             61900 (  60.45kB)
    Total ROM Size (Code + RO Data + RW Data)     100792 (  98.43kB)

==============================================================================

